Archive member included because of file (symbol)

./../../lib/libhybase.a(crt0.o)
                              ../../lib/crtbx86.o (crt_entry)
./../../lib/libhybase.a(syscall.o)
                              main.o (hymk_create_process)
./../../lib/libhybase.a(tls.o)
                              main.o (tls_errno)
./../../lib/libhybase.a(mutex.o)
                              coredbg/console.o (mtx_trylock)
./../../lib/libhybase.a(blthrd-arch.o)
                              ./../../lib/libhybase.a(crt0.o) (blthr_init)
./../../lib/libhybase.a(libinit.o)
                              ./../../lib/libhybase.a(crt0.o) (lib_init_hybaselib)
./../../lib/libhybase.a(buffers.o)
                              startup.o (str_len)
./../../lib/libhybase.a(region.o)
                              main.o (reg_mutex)
./../../lib/libhybase.a(memalloc.o)
                              ./../../lib/libhybase.a(libinit.o) (lib_init_heap)
./../../lib/libhybase.a(stack.o)
                              ./../../lib/libhybase.a(region.o) (mem_stack_free)
./../../lib/libhybase.a(blthrd.o)
                              startup.o (blthr_freeze)
./../../lib/libhybase.a(pmap.o)
                              ./../../lib/libhybase.a(libinit.o) (lib_init_pmap)
./../../lib/libhybase.a(spxml.o)
                              startup.o (spxml_destroy_tree)
./../../lib/libhybase.a(heap.o)
                              ./../../lib/libhybase.a(memalloc.o) (mem_heap_inc)
./../../lib/libhycoredebug.a(console.o)
                              startup.o (dc_printf)
./../../lib/libhycoredebug.a(server.o)
                              startup.o (cdbg_connect)
./../../lib/libhycoredebug.a(vsprintf.o)
                              coredbg/shell.o (dbglib_atoul)
./../../lib/libhycoredebug.a(comm.o)
                              ./../../lib/libhycoredebug.a(console.o) (dc_puts)

Allocating common symbols
Common symbol       size              file

initfork_stack_buf  0x4               main.o
lib_tmp_code_region
                    0x58              ./../../lib/libhybase.a(region.o)
pmap_region         0x4               ./../../lib/libhybase.a(pmap.o)
tls_errno           0x4               ./../../lib/libhybase.a(tls.o)
initfork_thread_buf
                    0x4               main.o
lib_tmp_data_region
                    0x58              ./../../lib/libhybase.a(region.o)

Memory Configuration

Name             Origin             Length             Attributes
*default*        0x0000000000000000 0xffffffffffffffff

Linker script and memory map


.text           0x0000000000001000    0x126ac
 *(.text)
 .text          0x0000000000001000       0x18 ../../lib/crtbx86.o
                0x0000000000001014                lib_grub_module_pages
                0x0000000000001000                _start
                0x0000000000001010                lib_grub_module_start
                0x0000000000001000                start
 *fill*         0x0000000000001018        0x8 00
 .text          0x0000000000001020      0x4f3 main.o
                0x0000000000001020                initfork_libinit
                0x0000000000001160                init_fork
                0x0000000000001040                init_kill
                0x0000000000001060                main
 *fill*         0x0000000000001513        0xd 00
 .text          0x0000000000001520      0x57d iprintf.o
                0x00000000000015b0                init_iprintf
                0x0000000000001520                kclrscr
                0x0000000000001610                iprintf
 *fill*         0x0000000000001a9d        0x3 00
 .text          0x0000000000001aa0      0x364 startup.o
                0x0000000000001aa0                init_main
                0x0000000000001c10                sub_thread
 .text          0x0000000000001e04       0x1c fork.o
                0x0000000000001e04                initfork_entry
 .text          0x0000000000001e20      0x5d9 dpll.o
                0x0000000000001f50                dpll_assign_variable
                0x0000000000002380                dpll_new_variable
                0x00000000000020b0                dpll_propagate
                0x0000000000002330                dpll_new_solver
                0x0000000000001e20                dpll_undo_assignment
                0x0000000000002140                dpll_new_clause
 *fill*         0x00000000000023f9        0x7 00
 .text          0x0000000000002400      0x12f coredbg/debugger.o
                0x0000000000002400                debugger_main
 *fill*         0x000000000000252f        0x1 00
 .text          0x0000000000002530     0x1df2 coredbg/console.o
                0x0000000000002880                dbg_lock_terminal
                0x0000000000002920                dbg_gets
                0x0000000000002fb0                dbg_putc
                0x0000000000003280                dbg_isprintf
                0x0000000000002c70                dbg_getc
                0x00000000000031a0                dbg_puts
                0x0000000000002810                dbg_get_termflags
                0x0000000000004080                dbg_init_driver
                0x0000000000002760                dbg_set_termcolor
                0x0000000000003450                dbg_set_headline
                0x0000000000003710                dbg_destroy_window
                0x00000000000032e0                dbg_iprintf
                0x0000000000002dd0                dbg_create_window
                0x00000000000037f0                dbg_keyb_driver
                0x00000000000027c0                dbg_set_termflags
                0x0000000000003340                dbg_pause
                0x0000000000002700                dbg_unlock_terminal
                0x0000000000003590                dbg_switch_window
 *fill*         0x0000000000004322        0xe 00
 .text          0x0000000000004330     0x1406 coredbg/shell.o
                0x0000000000004490                dbg_find_shell
                0x00000000000047f0                dbg_parse_cmd
                0x0000000000004e90                dbg_init_shell
                0x0000000000004380                dbg_sh_export
                0x0000000000004410                dbg_find_free_terminal
                0x0000000000004550                dbg_test_par
                0x0000000000004d30                dbg_register_command
                0x0000000000005350                dbg_shell_thread
                0x0000000000004730                dbg_destroy_shell_cur
                0x0000000000005090                dbg_destroy_shell
                0x00000000000045c0                dbg_execute_cmd
                0x0000000000004bd0                dbg_sh_term
                0x0000000000004330                dbg_sh_echo
                0x0000000000004660                dbg_find_command
                0x00000000000044f0                dbg_par_to_int
                0x00000000000051d0                dbg_create_shell
                0x00000000000046c0                dbg_free_cmdbuf
                0x0000000000004520                dbg_par_to_uint
 *fill*         0x0000000000005736        0xa 00
 .text          0x0000000000005740      0x40d coredbg/client.o
                0x0000000000005740                dbg_find_client
                0x0000000000005950                dbg_destroy_client
                0x0000000000005a50                dbg_logon_loop
                0x0000000000005b10                dbg_logon_client
                0x00000000000058c0                dbg_hook_client
                0x0000000000005910                dbg_create_client
 *fill*         0x0000000000005b4d        0x3 00
 .text          0x0000000000005b50     0x1189 coredbg/trace.o
                0x00000000000062c0                dbg_reset_breakpoint_ctr
                0x0000000000006150                dbg_add_breakpoint
                0x0000000000005c20                dbg_del_breakpoint
                0x0000000000005cd0                dbg_set_registers
                0x0000000000005be0                dbg_free_breakpoint_list
                0x0000000000006c30                dbg_read_stack
                0x0000000000005f40                dbg_set_eflags
                0x0000000000005b80                dbg_get_haltflags
                0x0000000000006370                dbg_inc_breakpoint_ctr
                0x0000000000005b90                dbg_get_breakpoint_adr
                0x0000000000005b70                dbg_set_haltflags
                0x0000000000005e00                dbg_get_registers
                0x0000000000005ff0                dbg_set_esp
                0x0000000000005fc0                dbg_get_eflags
                0x00000000000060a0                dbg_set_eip
                0x0000000000006120                dbg_get_eip
                0x0000000000006240                dbg_get_breakpoint_data
                0x0000000000005b50                dbg_set_traceflags
                0x0000000000006b30                dbg_write
                0x0000000000006a30                dbg_read
                0x0000000000005b60                dbg_get_traceflags
                0x0000000000006070                dbg_get_esp
 *fill*         0x0000000000006cd9        0x7 00
 .text          0x0000000000006ce0      0x2a4 coredbg/variable.o
                0x0000000000006ce0                dbg_get_variable
                0x0000000000006ed0                dbg_get_value
                0x0000000000006d30                dbg_export
 *fill*         0x0000000000006f84        0xc 00
 .text          0x0000000000006f90     0x36d9 coredbg/tracecmd.o
                0x0000000000007270                dbg_sh_exit
                0x0000000000008650                dbg_sh_trace
                0x0000000000009d00                dbg_sh_setreg
                0x00000000000081a0                dbg_sh_halton
                0x0000000000008b00                dbg_sh_dump
                0x00000000000071a0                dbg_get_sidpar
                0x00000000000099d0                dbg_sh_readb
                0x0000000000007500                dbg_sh_getreg
                0x00000000000093c0                dbg_sh_writed
                0x0000000000007460                dbg_sh_start
                0x0000000000008de0                dbg_sh_writec
                0x00000000000072f0                dbg_sh_hook
                0x0000000000009070                dbg_sh_writeb
                0x0000000000009c50                dbg_sh_readd
                0x0000000000007b00                dbg_sh_break
 *fill*         0x000000000000a669        0x7 00
 .text          0x000000000000a670     0x11d2 coredbg/help.o
                0x000000000000b790                dbg_sh_dbgtest
                0x000000000000a670                dbg_sh_version
                0x000000000000a6e0                dbg_sh_help
 *fill*         0x000000000000b842        0xe 00
 .text          0x000000000000b850     0x1778 coredbg/analyze.o
                0x000000000000cd10                dbg_analyze_softint
                0x000000000000ce80                dbg_sh_dumpint
                0x000000000000b850                dbg_analyze_syscall
                0x000000000000cac0                dbg_analyze_exception
 *fill*         0x000000000000cfc8        0x8 00
 .text          0x000000000000cfd0      0x710 coredbg/info.o
                0x000000000000d180                dbg_sh_proc
                0x000000000000d520                dbg_sh_thrd
                0x000000000000d3c0                dbg_sh_sysinfo
 .text          0x000000000000d6e0      0xa86 coredbg/cterm.o
                0x000000000000e050                dbg_disconnect_client
                0x000000000000d6e0                dbg_change_terminal
                0x000000000000e060                dbg_execute_client
                0x000000000000d700                dbg_execute_client_command
                0x000000000000dab0                dbg_handle_event
 *fill*         0x000000000000e166        0x2 00
 .text          0x000000000000e168       0x2b ./../../lib/libhybase.a(crt0.o)
                0x000000000000e168                crt_entry
                0x000000000000e189                blthr_init_arch
 *fill*         0x000000000000e193        0xd 00
 .text          0x000000000000e1a0      0x379 ./../../lib/libhybase.a(syscall.o)
                0x000000000000e2a0                hymk_yield_thread
                0x000000000000e460                hymk_read_regs
                0x000000000000e360                hymk_unmap
                0x000000000000e500                hymk_test_page
                0x000000000000e200                hymk_set_controller
                0x000000000000e1c0                hymk_create_thread
                0x000000000000e260                hymk_freeze_subject
                0x000000000000e220                hymk_destroy_subject
                0x000000000000e4b0                hymk_write_regs
                0x000000000000e2e0                hymk_allow
                0x000000000000e4f0                hymk_set_paged
                0x000000000000e240                hymk_chg_root
                0x000000000000e3c0                hymk_sync
                0x000000000000e2c0                hymk_set_priority
                0x000000000000e1e0                hymk_create_process
                0x000000000000e400                hymk_io_alloc
                0x000000000000e420                hymk_recv_irq
                0x000000000000e320                hymk_map
                0x000000000000e280                hymk_awake_subject
                0x000000000000e440                hymk_recv_softints
                0x000000000000e1a0                hymk_alloc_pages
                0x000000000000e380                hymk_move
                0x000000000000e3e0                hymk_io_allow
 *fill*         0x000000000000e519        0x7 00
 .text          0x000000000000e520       0xad ./../../lib/libhybase.a(tls.o)
                0x000000000000e520                lib_init_global_tls
                0x000000000000e5a0                tls_local_alloc
                0x000000000000e570                tls_global_alloc
 *fill*         0x000000000000e5cd        0x3 00
 .text          0x000000000000e5d0      0x147 ./../../lib/libhybase.a(mutex.o)
                0x000000000000e650                mtx_lock
                0x000000000000e5d0                mtx_trylock
                0x000000000000e620                mtx_unlock
 *fill*         0x000000000000e717        0x9 00
 .text          0x000000000000e720       0x54 ./../../lib/libhybase.a(blthrd-arch.o)
                0x000000000000e720                blthr_init
                0x000000000000e750                lib_blthr_setup_stack_arch
 *fill*         0x000000000000e774        0xc 00
 .text          0x000000000000e780       0x6b ./../../lib/libhybase.a(libinit.o)
                0x000000000000e780                lib_init_hybaselib
 *fill*         0x000000000000e7eb        0x5 00
 .text          0x000000000000e7f0      0x48e ./../../lib/libhybase.a(buffers.o)
                0x000000000000eaa0                buf_find_buf
                0x000000000000ea40                str_char
                0x000000000000e940                str_copy
                0x000000000000e7f0                memcpy
                0x000000000000e850                buf_find_uint64
                0x000000000000e8e0                str_len
                0x000000000000e9a0                str_compare
                0x000000000000eb50                str_find
 *fill*         0x000000000000ec7e        0x2 00
 .text          0x000000000000ec80      0x532 ./../../lib/libhybase.a(region.o)
                0x000000000000ec80                reg_destroy
                0x000000000000eee0                lib_init_regions
                0x000000000000ed50                reg_create
 *fill*         0x000000000000f1b2        0xe 00
 .text          0x000000000000f1c0     0x1996 ./../../lib/libhybase.a(memalloc.o)
                0x000000000000f750                mem_alloc
                0x0000000000010120                mem_free
                0x000000000000f210                mem_size
                0x000000000000f1c0                lib_init_heap
                0x0000000000010410                mem_realloc
 *fill*         0x0000000000010b56        0xa 00
 .text          0x0000000000010b60       0x19 ./../../lib/libhybase.a(stack.o)
                0x0000000000010b60                mem_stack_free
                0x0000000000010b70                mem_stack_alloc
 *fill*         0x0000000000010b79        0x7 00
 .text          0x0000000000010b80      0x71f ./../../lib/libhybase.a(blthrd.o)
                0x0000000000010b80                blthr_atexit
                0x0000000000010e30                blthr_awake
                0x0000000000011010                blthr_create
                0x0000000000011150                blthr_kill
                0x0000000000011220                lib_init_blthreads
                0x0000000000010e00                blthr_finish
                0x0000000000010e80                blthr_cleanup
                0x0000000000010c50                blthr_freeze
 *fill*         0x000000000001129f        0x1 00
 .text          0x00000000000112a0      0xa0e ./../../lib/libhybase.a(pmap.o)
                0x0000000000011740                pmap_alloc
                0x0000000000011c50                pmap_mapalloc
                0x00000000000112a0                lib_init_pmap
                0x0000000000011450                pmap_free
 *fill*         0x0000000000011cae        0x2 00
 .text          0x0000000000011cb0      0xb59 ./../../lib/libhybase.a(spxml.o)
                0x0000000000012100                spxml_create_tree
                0x0000000000011cb0                spxml_resolve_path
                0x0000000000011d90                spxml_replace_stdentities
                0x0000000000011f20                spxml_destroy_tree
 *fill*         0x0000000000012809        0x7 00
 .text          0x0000000000012810      0x33e ./../../lib/libhybase.a(heap.o)
                0x0000000000012a20                mem_heap_dec
                0x0000000000012810                mem_heap_inc
 *fill*         0x0000000000012b4e        0x2 00
 .text          0x0000000000012b50       0x51 ./../../lib/libhycoredebug.a(console.o)
                0x0000000000012b50                dc_printf
 *fill*         0x0000000000012ba1        0xf 00
 .text          0x0000000000012bb0       0xd2 ./../../lib/libhycoredebug.a(server.o)
                0x0000000000012bb0                cdbg_connect
 *fill*         0x0000000000012c82        0xe 00
 .text          0x0000000000012c90      0x738 ./../../lib/libhycoredebug.a(vsprintf.o)
                0x00000000000133a0                snprintf
                0x0000000000012e10                vsnprintf
                0x0000000000012d40                dbglib_atosl
                0x0000000000012c90                dbglib_atoul
 *fill*         0x00000000000133c8        0x8 00
 .text          0x00000000000133d0      0x2dc ./../../lib/libhycoredebug.a(comm.o)
                0x0000000000013540                dc_hook_client
                0x0000000000013500                dc_set_haltflags
                0x0000000000013590                dc_putc
                0x00000000000135b0                dc_puts
                0x0000000000013690                dc_set_termcolor
                0x0000000000013570                dc_interactive_mode
                0x0000000000013520                dc_get_haltflags
                0x00000000000135e0                dc_getc
                0x00000000000133f0                dc_add_breakpoint
                0x00000000000134c0                dc_set_traceflags
                0x00000000000133d0                dc_disconnect
                0x0000000000013670                dc_set_termflags
                0x0000000000013650                dc_get_termflags
                0x0000000000013420                dc_del_breakpoint
                0x0000000000013460                dc_reset_breakpoint
                0x00000000000134a0                dc_get_breakpoint_counter
                0x0000000000013480                dc_get_breakpoint_adr
                0x0000000000013440                dc_inc_breakpoint
                0x0000000000013630                dc_set_terminal
                0x00000000000134e0                dc_get_traceflags
                0x0000000000013600                dc_gets
                0x00000000000136ac                _etext = .
                0x00000000000136ac                etext = _etext
LOAD ../../lib/crtbx86.o
LOAD main.o
LOAD iprintf.o
LOAD startup.o
LOAD fork.o
LOAD dpll.o
LOAD coredbg/debugger.o
LOAD coredbg/console.o
LOAD coredbg/shell.o
LOAD coredbg/client.o
LOAD coredbg/trace.o
LOAD coredbg/variable.o
LOAD coredbg/tracecmd.o
LOAD coredbg/help.o
LOAD coredbg/analyze.o
LOAD coredbg/info.o
LOAD coredbg/cterm.o
LOAD ./../../lib/libhybase.a
LOAD ./../../lib/libhycoredebug.a
OUTPUT(../../bin/hyinit.bin binary)

.rodata.str1.1  0x00000000000136ac     0x1054
 .rodata.str1.1
                0x00000000000136ac       0x51 main.o
 .rodata.str1.1
                0x00000000000136fd       0x76 startup.o
 .rodata.str1.1
                0x0000000000013773       0x5b coredbg/debugger.o
 .rodata.str1.1
                0x00000000000137ce       0x4c coredbg/console.o
 .rodata.str1.1
                0x000000000001381a       0xf1 coredbg/shell.o
 .rodata.str1.1
                0x000000000001390b       0x3a coredbg/client.o
 .rodata.str1.1
                0x0000000000013945      0x346 coredbg/tracecmd.o
 .rodata.str1.1
                0x0000000000013c8b      0x1b2 coredbg/help.o
 .rodata.str1.1
                0x0000000000013e3d      0x2f3 coredbg/analyze.o
 .rodata.str1.1
                0x0000000000014130      0x4ef coredbg/info.o
 .rodata.str1.1
                0x000000000001461f       0x60 coredbg/cterm.o
 .rodata.str1.1
                0x000000000001467f       0x15 ./../../lib/libhybase.a(region.o)
 .rodata.str1.1
                0x0000000000014694        0x4 ./../../lib/libhybase.a(pmap.o)
 .rodata.str1.1
                0x0000000000014698       0x3d ./../../lib/libhybase.a(spxml.o)
 .rodata.str1.1
                0x00000000000146d5       0x2b ./../../lib/libhycoredebug.a(vsprintf.o)

.rodata.str1.4  0x0000000000014700     0x4f75
 .rodata.str1.4
                0x0000000000014700       0x5f main.o
 *fill*         0x000000000001475f        0x1 00
 .rodata.str1.4
                0x0000000000014760      0x345 startup.o
 *fill*         0x0000000000014aa5        0x3 00
 .rodata.str1.4
                0x0000000000014aa8      0x108 dpll.o
 .rodata.str1.4
                0x0000000000014bb0      0x181 coredbg/debugger.o
 *fill*         0x0000000000014d31        0x3 00
 .rodata.str1.4
                0x0000000000014d34       0x5a coredbg/console.o
 *fill*         0x0000000000014d8e        0x2 00
 .rodata.str1.4
                0x0000000000014d90      0x5c4 coredbg/shell.o
 .rodata.str1.4
                0x0000000000015354       0x75 coredbg/client.o
 *fill*         0x00000000000153c9        0x3 00
 .rodata.str1.4
                0x00000000000153cc      0x405 coredbg/trace.o
 *fill*         0x00000000000157d1        0x3 00
 .rodata.str1.4
                0x00000000000157d4       0x7f coredbg/variable.o
 *fill*         0x0000000000015853        0x1 00
 .rodata.str1.4
                0x0000000000015854      0xc32 coredbg/tracecmd.o
 *fill*         0x0000000000016486        0x2 00
 .rodata.str1.4
                0x0000000000016488     0x2630 coredbg/help.o
 .rodata.str1.4
                0x0000000000018ab8      0x8c7 coredbg/analyze.o
 *fill*         0x000000000001937f        0x1 00
 .rodata.str1.4
                0x0000000000019380      0x1e3 coredbg/info.o
 *fill*         0x0000000000019563        0x1 00
 .rodata.str1.4
                0x0000000000019564      0x111 coredbg/cterm.o

.rodata         0x0000000000019680      0x9f8
 .rodata        0x0000000000019680      0x3fc coredbg/console.o
 .rodata        0x0000000000019a7c       0xac coredbg/analyze.o
 *fill*         0x0000000000019b28       0x18 00
 .rodata        0x0000000000019b40      0x280 coredbg/info.o
 .rodata        0x0000000000019dc0      0x150 coredbg/cterm.o
 *fill*         0x0000000000019f10       0x10 00
 .rodata        0x0000000000019f20       0xd0 ./../../lib/libhybase.a(spxml.o)
 .rodata        0x0000000000019ff0       0x88 ./../../lib/libhycoredebug.a(vsprintf.o)

.data           0x000000000001a080      0x1d4
 .data          0x000000000001a080        0x0 ../../lib/crtbx86.o
 .data          0x000000000001a080        0x4 main.o
                0x000000000001a080                init_process_number
 .data          0x000000000001a084       0x10 iprintf.o
                0x000000000001a084                i__screen
                0x000000000001a090                l__column
                0x000000000001a08c                l__line
                0x000000000001a088                i__is_online
 .data          0x000000000001a094        0x8 startup.o
                0x000000000001a098                x
                0x000000000001a094                initproc_debugger_sid
 .data          0x000000000001a09c        0x0 fork.o
 .data          0x000000000001a09c        0x0 dpll.o
 .data          0x000000000001a09c        0x0 coredbg/debugger.o
 .data          0x000000000001a09c       0x1c coredbg/console.o
                0x000000000001a0b4                dbg_keyb_control_keys
                0x000000000001a0ac                dbg_current_term
                0x000000000001a0a4                dbg_keyboard_thread
                0x000000000001a0a8                dbg_terminals
                0x000000000001a0b0                dbg_parallel_request
                0x000000000001a09c                dbg_display_mutex
 .data          0x000000000001a0b8       0x18 coredbg/shell.o
                0x000000000001a0c0                dbg_shells
                0x000000000001a0b8                dbg_commands
                0x000000000001a0cc                dbg_tls_shellptr
                0x000000000001a0bc                dbg_commands_n
                0x000000000001a0c4                dbg_shell_mutex
 .data          0x000000000001a0d0        0xc coredbg/client.o
                0x000000000001a0d0                dbg_clients
                0x000000000001a0d4                dbg_clients_mtx
 .data          0x000000000001a0dc        0x0 coredbg/trace.o
 .data          0x000000000001a0dc        0xc coredbg/variable.o
                0x000000000001a0dc                dbg_variables
                0x000000000001a0e0                dbg_variables_mtx
 .data          0x000000000001a0e8        0x0 coredbg/tracecmd.o
 .data          0x000000000001a0e8        0x0 coredbg/help.o
 .data          0x000000000001a0e8        0x4 coredbg/analyze.o
                0x000000000001a0e8                dbg_str_invalid
 .data          0x000000000001a0ec        0x0 coredbg/info.o
 .data          0x000000000001a0ec        0x0 coredbg/cterm.o
 .data          0x000000000001a0ec        0x0 ./../../lib/libhybase.a(crt0.o)
 .data          0x000000000001a0ec        0x0 ./../../lib/libhybase.a(syscall.o)
 .data          0x000000000001a0ec       0x10 ./../../lib/libhybase.a(tls.o)
 .data          0x000000000001a0fc        0x0 ./../../lib/libhybase.a(mutex.o)
 .data          0x000000000001a0fc        0x0 ./../../lib/libhybase.a(blthrd-arch.o)
 .data          0x000000000001a0fc        0x0 ./../../lib/libhybase.a(libinit.o)
 .data          0x000000000001a0fc        0x0 ./../../lib/libhybase.a(buffers.o)
 .data          0x000000000001a0fc       0x1c ./../../lib/libhybase.a(region.o)
                0x000000000001a104                data_region
                0x000000000001a100                code_region
                0x000000000001a110                reg_mutex
                0x000000000001a10c                heap_region
                0x000000000001a108                stack_region
                0x000000000001a0fc                regions
 *fill*         0x000000000001a118        0x8 00
 .data          0x000000000001a120       0x9c ./../../lib/libhybase.a(memalloc.o)
                0x000000000001a120                lib_heap_start
                0x000000000001a124                lib_heap_mutex
 .data          0x000000000001a1bc        0x0 ./../../lib/libhybase.a(stack.o)
 .data          0x000000000001a1bc       0x14 ./../../lib/libhybase.a(blthrd.o)
                0x000000000001a1c8                lib_blthr_cleanup_mtx
                0x000000000001a1c4                lib_blthr_cleanup_table_num
                0x000000000001a1c0                lib_blthr_cleanup_table
                0x000000000001a1bc                tls_my_thread
 *fill*         0x000000000001a1d0       0x10 00
 .data          0x000000000001a1e0       0x74 ./../../lib/libhybase.a(pmap.o)
                0x000000000001a1e0                libpmap_pmapheap_start
                0x000000000001a1e4                libpmap_pmapheap_mutex
 .data          0x000000000001a254        0x0 ./../../lib/libhybase.a(spxml.o)
 .data          0x000000000001a254        0x0 ./../../lib/libhybase.a(heap.o)
 .data          0x000000000001a254        0x0 ./../../lib/libhycoredebug.a(console.o)
 .data          0x000000000001a254        0x0 ./../../lib/libhycoredebug.a(server.o)
 .data          0x000000000001a254        0x0 ./../../lib/libhycoredebug.a(vsprintf.o)
 .data          0x000000000001a254        0x0 ./../../lib/libhycoredebug.a(comm.o)

.bss            0x000000000001a260       0xdc
 .bss           0x000000000001a260        0x0 ../../lib/crtbx86.o
 .bss           0x000000000001a260        0x0 main.o
 COMMON         0x000000000001a260        0x8 main.o
                0x000000000001a260                initfork_stack_buf
                0x000000000001a264                initfork_thread_buf
 .bss           0x000000000001a268        0x0 iprintf.o
 .bss           0x000000000001a268        0x0 startup.o
 .bss           0x000000000001a268        0x0 fork.o
 .bss           0x000000000001a268        0x0 dpll.o
 .bss           0x000000000001a268        0x0 coredbg/debugger.o
 .bss           0x000000000001a268        0x0 coredbg/console.o
 .bss           0x000000000001a268        0x0 coredbg/shell.o
 .bss           0x000000000001a268        0x0 coredbg/client.o
 .bss           0x000000000001a268        0x0 coredbg/trace.o
 .bss           0x000000000001a268        0x0 coredbg/variable.o
 .bss           0x000000000001a268        0x0 coredbg/tracecmd.o
 .bss           0x000000000001a268        0x0 coredbg/help.o
 .bss           0x000000000001a268        0x0 coredbg/analyze.o
 .bss           0x000000000001a268        0x0 coredbg/info.o
 .bss           0x000000000001a268        0x0 coredbg/cterm.o
 .bss           0x000000000001a268        0x0 ./../../lib/libhybase.a(crt0.o)
 .bss           0x000000000001a268        0x0 ./../../lib/libhybase.a(syscall.o)
 .bss           0x000000000001a268        0x0 ./../../lib/libhybase.a(tls.o)
 COMMON         0x000000000001a268        0x4 ./../../lib/libhybase.a(tls.o)
                0x000000000001a268                tls_errno
 .bss           0x000000000001a26c        0x0 ./../../lib/libhybase.a(mutex.o)
 .bss           0x000000000001a26c        0x0 ./../../lib/libhybase.a(blthrd-arch.o)
 .bss           0x000000000001a26c        0x0 ./../../lib/libhybase.a(libinit.o)
 .bss           0x000000000001a26c        0x0 ./../../lib/libhybase.a(buffers.o)
 .bss           0x000000000001a26c        0x0 ./../../lib/libhybase.a(region.o)
 *fill*         0x000000000001a26c       0x14 00
 COMMON         0x000000000001a280       0xb8 ./../../lib/libhybase.a(region.o)
                0x000000000001a280                lib_tmp_code_region
                0x000000000001a2e0                lib_tmp_data_region
 .bss           0x000000000001a338        0x0 ./../../lib/libhybase.a(memalloc.o)
 .bss           0x000000000001a338        0x0 ./../../lib/libhybase.a(stack.o)
 .bss           0x000000000001a338        0x0 ./../../lib/libhybase.a(blthrd.o)
 .bss           0x000000000001a338        0x0 ./../../lib/libhybase.a(pmap.o)
 COMMON         0x000000000001a338        0x4 ./../../lib/libhybase.a(pmap.o)
                0x000000000001a338                pmap_region
 .bss           0x000000000001a33c        0x0 ./../../lib/libhybase.a(spxml.o)
 .bss           0x000000000001a33c        0x0 ./../../lib/libhybase.a(heap.o)
 .bss           0x000000000001a33c        0x0 ./../../lib/libhycoredebug.a(console.o)
 .bss           0x000000000001a33c        0x0 ./../../lib/libhycoredebug.a(server.o)
 .bss           0x000000000001a33c        0x0 ./../../lib/libhycoredebug.a(vsprintf.o)
 .bss           0x000000000001a33c        0x0 ./../../lib/libhycoredebug.a(comm.o)

.note           0x0000000000000000       0x3c
 .note          0x0000000000000000       0x14 ../../lib/crtbx86.o
 .note          0x0000000000000014       0x14 fork.o
 .note          0x0000000000000028       0x14 ./../../lib/libhybase.a(crt0.o)

.comment        0x0000000000000000      0x4c0
 .comment       0x0000000000000000       0x26 main.o
 .comment       0x0000000000000026       0x26 iprintf.o
 .comment       0x000000000000004c       0x26 startup.o
 .comment       0x0000000000000072       0x26 dpll.o
 .comment       0x0000000000000098       0x26 coredbg/debugger.o
 .comment       0x00000000000000be       0x26 coredbg/console.o
 .comment       0x00000000000000e4       0x26 coredbg/shell.o
 .comment       0x000000000000010a       0x26 coredbg/client.o
 .comment       0x0000000000000130       0x26 coredbg/trace.o
 .comment       0x0000000000000156       0x26 coredbg/variable.o
 .comment       0x000000000000017c       0x26 coredbg/tracecmd.o
 .comment       0x00000000000001a2       0x26 coredbg/help.o
 .comment       0x00000000000001c8       0x26 coredbg/analyze.o
 .comment       0x00000000000001ee       0x26 coredbg/info.o
 .comment       0x0000000000000214       0x26 coredbg/cterm.o
 .comment       0x000000000000023a       0x26 ./../../lib/libhybase.a(syscall.o)
 .comment       0x0000000000000260       0x26 ./../../lib/libhybase.a(tls.o)
 .comment       0x0000000000000286       0x26 ./../../lib/libhybase.a(mutex.o)
 .comment       0x00000000000002ac       0x26 ./../../lib/libhybase.a(blthrd-arch.o)
 .comment       0x00000000000002d2       0x26 ./../../lib/libhybase.a(libinit.o)
 .comment       0x00000000000002f8       0x26 ./../../lib/libhybase.a(buffers.o)
 .comment       0x000000000000031e       0x26 ./../../lib/libhybase.a(region.o)
 .comment       0x0000000000000344       0x26 ./../../lib/libhybase.a(memalloc.o)
 .comment       0x000000000000036a       0x26 ./../../lib/libhybase.a(stack.o)
 .comment       0x0000000000000390       0x26 ./../../lib/libhybase.a(blthrd.o)
 .comment       0x00000000000003b6       0x26 ./../../lib/libhybase.a(pmap.o)
 .comment       0x00000000000003dc       0x26 ./../../lib/libhybase.a(spxml.o)
 .comment       0x0000000000000402       0x26 ./../../lib/libhybase.a(heap.o)
 .comment       0x0000000000000428       0x26 ./../../lib/libhycoredebug.a(console.o)
 .comment       0x000000000000044e       0x26 ./../../lib/libhycoredebug.a(server.o)
 .comment       0x0000000000000474       0x26 ./../../lib/libhycoredebug.a(vsprintf.o)
 .comment       0x000000000000049a       0x26 ./../../lib/libhycoredebug.a(comm.o)

.note.GNU-stack
                0x0000000000000000        0x0
 .note.GNU-stack
                0x0000000000000000        0x0 main.o
 .note.GNU-stack
                0x0000000000000000        0x0 iprintf.o
 .note.GNU-stack
                0x0000000000000000        0x0 startup.o
 .note.GNU-stack
                0x0000000000000000        0x0 dpll.o
 .note.GNU-stack
                0x0000000000000000        0x0 coredbg/debugger.o
 .note.GNU-stack
                0x0000000000000000        0x0 coredbg/console.o
 .note.GNU-stack
                0x0000000000000000        0x0 coredbg/shell.o
 .note.GNU-stack
                0x0000000000000000        0x0 coredbg/client.o
 .note.GNU-stack
                0x0000000000000000        0x0 coredbg/trace.o
 .note.GNU-stack
                0x0000000000000000        0x0 coredbg/variable.o
 .note.GNU-stack
                0x0000000000000000        0x0 coredbg/tracecmd.o
 .note.GNU-stack
                0x0000000000000000        0x0 coredbg/help.o
 .note.GNU-stack
                0x0000000000000000        0x0 coredbg/analyze.o
 .note.GNU-stack
                0x0000000000000000        0x0 coredbg/info.o
 .note.GNU-stack
                0x0000000000000000        0x0 coredbg/cterm.o
 .note.GNU-stack
                0x0000000000000000        0x0 ./../../lib/libhybase.a(syscall.o)
 .note.GNU-stack
                0x0000000000000000        0x0 ./../../lib/libhybase.a(tls.o)
 .note.GNU-stack
                0x0000000000000000        0x0 ./../../lib/libhybase.a(mutex.o)
 .note.GNU-stack
                0x0000000000000000        0x0 ./../../lib/libhybase.a(blthrd-arch.o)
 .note.GNU-stack
                0x0000000000000000        0x0 ./../../lib/libhybase.a(libinit.o)
 .note.GNU-stack
                0x0000000000000000        0x0 ./../../lib/libhybase.a(buffers.o)
 .note.GNU-stack
                0x0000000000000000        0x0 ./../../lib/libhybase.a(region.o)
 .note.GNU-stack
                0x0000000000000000        0x0 ./../../lib/libhybase.a(memalloc.o)
 .note.GNU-stack
                0x0000000000000000        0x0 ./../../lib/libhybase.a(stack.o)
 .note.GNU-stack
                0x0000000000000000        0x0 ./../../lib/libhybase.a(blthrd.o)
 .note.GNU-stack
                0x0000000000000000        0x0 ./../../lib/libhybase.a(pmap.o)
 .note.GNU-stack
                0x0000000000000000        0x0 ./../../lib/libhybase.a(spxml.o)
 .note.GNU-stack
                0x0000000000000000        0x0 ./../../lib/libhybase.a(heap.o)
 .note.GNU-stack
                0x0000000000000000        0x0 ./../../lib/libhycoredebug.a(console.o)
 .note.GNU-stack
                0x0000000000000000        0x0 ./../../lib/libhycoredebug.a(server.o)
 .note.GNU-stack
                0x0000000000000000        0x0 ./../../lib/libhycoredebug.a(vsprintf.o)
 .note.GNU-stack
                0x0000000000000000        0x0 ./../../lib/libhycoredebug.a(comm.o)
